--- Agent System Test ---
[Workflow] Starting blog generation for: "Artificial Intelligence in 2024"
[Workflow] Phase 1: Researching...
