--- Agent System Test ---
[Workflow] Starting blog generation for: "Artificial Intelligence in 2024"
[Workflow] Phase 1: Researching...
node.exe : --- Test Failed ---
At C:\Program 
Files\nodejs\npx.ps1:29 char:3
+   & $NODE_EXE $NPX_CLI_JS $args
+   ~~~~~~~~~~~~~~~~~~~~~~~~~~~~~
    + CategoryInfo          : No 
   tSpecified: (--- Test Failed  
   ---:String) [], RemoteExcep   
 tion
    + FullyQualifiedErrorId : Na 
   tiveCommandError
 
Error: researchAgent: OpenAI API 
call failed ΓÇö 429 You exceeded 
your current quota, please check 
your plan and billing details. 
For more information on this 
error, read the docs: https://pla
tform.openai.com/docs/guides/erro
r-codes/api-errors.
    at researchAgent (D:\claude\a
toz-blog\lib\agents\researchAgent
.js:39:11)
    at process.processTicksAndRej
ections (node:internal/process/ta
sk_queues:105:5)
    at async blogWorkflow (D:\cla
ude\atoz-blog\lib\workflows\blogW
orkflow.js:16:24)
    at async main (D:\claude\atoz
-blog\scripts\test-agents.ts:11:2
0)
